// Jest Snapshot v1, https://goo.gl/fbAQLP

exports[`renders correctly 1`] = `
<View
  pointerEvents="box-none"
  style={
    Array [
      Array [
        Object {
          "backgroundColor": "transparent",
          "bottom": 0,
          "left": 0,
          "position": "absolute",
          "right": 0,
          "top": 0,
        },
        Object {
          "elevation": undefined,
          "justifyContent": "flex-end",
          "zIndex": undefined,
        },
      ],
      Object {
        "bottom": 30,
        "right": 0,
      },
    ]
  }
>
  <View
    pointerEvents="none"
    style={
      Object {
        "backgroundColor": "transparent",
        "bottom": 0,
        "elevation": undefined,
        "justifyContent": "flex-end",
        "left": 0,
        "opacity": 0,
        "position": "absolute",
        "right": 0,
        "top": 0,
        "zIndex": undefined,
      }
    }
  />
  <View
    pointerEvents="box-none"
    style={
      Array [
        Array [
          Object {
            "backgroundColor": "transparent",
            "bottom": 0,
            "left": 0,
            "position": "absolute",
            "right": 0,
            "top": 0,
          },
          Object {
            "elevation": undefined,
            "justifyContent": "flex-end",
            "zIndex": undefined,
          },
        ],
        Object {
          "alignItems": "flex-end",
        },
        Object {
          "paddingVertical": 30,
        },
      ]
    }
  >
    <View
      style={
        Array [
          Object {
            "marginHorizontal": 30,
            "zIndex": undefined,
          },
          Object {
            "elevation": 5,
            "shadowColor": "#000",
            "shadowOffset": Object {
              "height": 5,
              "width": 0,
            },
            "shadowOpacity": 0.35,
            "shadowRadius": 3,
          },
          undefined,
        ]
      }
    >
      <View
        style={
          Array [
            Object {
              "alignItems": "center",
              "backgroundColor": "#ffbcbc",
              "borderColor": "red",
              "borderWidth": 1,
              "height": 100,
              "justifyContent": "center",
              "margin": 10,
              "width": 300,
            },
            undefined,
          ]
        }
      >
        <Text
          accessible={true}
          allowFontScaling={true}
          ellipsizeMode="tail"
          style={
            Object {
              "color": "#333333",
              "margin": 20,
            }
          }
        >
          TouchableNativeFeedback is not supported on this platform!
        </Text>
      </View>
    </View>
  </View>
</View>
`;
